  Γû▓ Next.js 14.2.35

   Creating an optimized production build ...
 Γ£ô Compiled successfully
   Linting and checking validity of types ...
node.exe : 
At line:1 char:1
+ & "C:\Program 
Files\nodejs/node.exe" 
"C:\Program 
Files\nodejs/node_mo ...
+ ~~~~~~~~~~~~~~~~~~~~~~~~
~~~~~~~~~~~~~~~~~~~~~~~~~~
~~~~~~~~~~~~~~~~~~~
    + CategoryInfo        
      : NotSpecified: (:  
  String) [], RemoteExc   
 eption
    + FullyQualifiedError 
   Id : NativeCommandErr  
  or
 
Failed to compile.

./src/app/gallery/page.tsx
6:8  Error: 'Image' is 
defined but never used.  @
typescript-eslint/no-unuse
d-vars

info  - Need to disable 
some ESLint rules? Learn 
more here: https://nextjs.
org/docs/basic-features/es
lint#disabling-rules
